// Jest Snapshot v1, https://goo.gl/fbAQLP

exports[`renders task edit mode 1`] = `
<DocumentFragment>
  <div
    class="MuiPaper-root MuiCard-root makeStyles-task-1 MuiPaper-elevation1 MuiPaper-rounded"
  >
    <div
      class="MuiCardContent-root makeStyles-content-2"
    >
      <div
        class="MuiFormControl-root MuiTextField-root makeStyles-text-3"
      >
        <div
          class="MuiInputBase-root MuiInput-root MuiInput-underline MuiInputBase-formControl MuiInput-formControl MuiInputBase-multiline MuiInput-multiline"
        >
          <textarea
            aria-invalid="false"
            class="MuiInputBase-input MuiInput-input MuiInputBase-inputMultiline MuiInput-inputMultiline"
            name="task"
            placeholder="Start typing your text here..."
            rows="1"
            style="height: 0px; overflow: hidden;"
          >
            my task
          </textarea>
          <textarea
            aria-hidden="true"
            class="MuiInputBase-input MuiInput-input MuiInputBase-inputMultiline MuiInput-inputMultiline"
            readonly=""
            style="visibility: hidden; position: absolute; overflow: hidden; height: 0px; top: 0px; left: 0px; transform: translateZ(0); width: 100%;"
            tabindex="-1"
          />
        </div>
      </div>
    </div>
    <div
      class="MuiCardActions-root makeStyles-footer-4 MuiCardActions-spacing"
    >
      <div
        class="makeStyles-footerContainer-5"
      >
        <p
          class="MuiTypography-root MuiTypography-body1 MuiTypography-colorTextSecondary"
        >
          03/09/2021 3:50 PM
        </p>
        <div
          class="makeStyles-buttons-6"
        >
          <span
            class=""
            title="Save"
          >
            <button
              aria-label="save changes"
              class="MuiButtonBase-root MuiIconButton-root MuiIconButton-colorPrimary Mui-disabled MuiIconButton-sizeSmall Mui-disabled"
              data-testid="save"
              disabled=""
              tabindex="-1"
              type="button"
            >
              <span
                class="MuiIconButton-label"
              >
                <svg
                  aria-hidden="true"
                  class="MuiSvgIcon-root MuiSvgIcon-fontSizeSmall"
                  focusable="false"
                  viewBox="0 0 24 24"
                >
                  <path
                    d="M17 3H5c-1.11 0-2 .9-2 2v14c0 1.1.89 2 2 2h14c1.1 0 2-.9 2-2V7l-4-4zm-5 16c-1.66 0-3-1.34-3-3s1.34-3 3-3 3 1.34 3 3-1.34 3-3 3zm3-10H5V5h10v4z"
                  />
                </svg>
              </span>
            </button>
          </span>
          <button
            aria-label="cancel changes"
            class="MuiButtonBase-root MuiIconButton-root MuiIconButton-colorSecondary MuiIconButton-sizeSmall"
            data-testid="cancel"
            tabindex="0"
            title="Cancel"
            type="button"
          >
            <span
              class="MuiIconButton-label"
            >
              <svg
                aria-hidden="true"
                class="MuiSvgIcon-root MuiSvgIcon-fontSizeSmall"
                focusable="false"
                viewBox="0 0 24 24"
              >
                <path
                  d="M12 2C6.47 2 2 6.47 2 12s4.47 10 10 10 10-4.47 10-10S17.53 2 12 2zm5 13.59L15.59 17 12 13.41 8.41 17 7 15.59 10.59 12 7 8.41 8.41 7 12 10.59 15.59 7 17 8.41 13.41 12 17 15.59z"
                />
              </svg>
            </span>
            <span
              class="MuiTouchRipple-root"
            />
          </button>
        </div>
      </div>
    </div>
  </div>
</DocumentFragment>
`;
