// Jest Snapshot v1, https://goo.gl/fbAQLP

exports[`renders header 1`] = `
<DocumentFragment>
  <header
    class="MuiPaper-root MuiAppBar-root MuiAppBar-positionStatic MuiAppBar-colorPrimary MuiPaper-elevation4"
  >
    <div
      class="MuiToolbar-root MuiToolbar-regular MuiToolbar-gutters"
    >
      <h1
        class="MuiTypography-root makeStyles-title-1 MuiTypography-h6"
      >
        Todo List
      </h1>
    </div>
  </header>
</DocumentFragment>
`;
