// Jest Snapshot v1, https://goo.gl/fbAQLP

exports[`renders global theme 1`] = `<DocumentFragment />`;
